<div data-v-79fbed2f="" id="azunyan" w-full="" h-full=""></div>