<div data-v-79fbed2f="" id="frieren" w-full="" h-full=""></div>