<div data-v-79fbed2f="" id="yui" w-full="" h-full=""></div>