<div data-v-1063f98c="" class="text-h4" font-bold="" mb-8="">Why Esposter?</div>
<div data-v-1063f98c="" class="text-h6">Esposter is an independent, community-driven lifetime project. It was created by <a data-v-4b2ab03a="" data-v-1063f98c="" href="https://www.linkedin.com/in/jimmy-chen-b6216820b" rel="noopener noreferrer" target="_blank" class="author" font-bold=""> Jimmy Chen </a> as a personal attempt to incorporate the best features of social media in a minimalistic way with the least amount of code. </div>