<div data-v-960bbfac="" flex="" flex-col="" items-center="" text-center="">
  <div data-v-960bbfac="" class="" font="[Inter] black" leading-tight="" text="7xl"> The <span data-v-960bbfac="" class="accent">Progressive</span><br data-v-960bbfac=""> JavaScript Application </div><br data-v-960bbfac="">
  <div data-v-960bbfac="" class="text-gray" text-2xl="">An approachable, performant and versatile javascript application powered by</div>
  <div data-v-960bbfac="" class="v-responsive v-img v-img--booting" style="max-width: 45rem; width: 100%;" aria-label="uwu" role="img" id="uwu">
    <div class="v-responsive__sizer"></div>
    <!---->
    <transition-stub name="fade-transition" appear="false" persisted="false" css="true">
      <!---->
    </transition-stub>
    <!---->
    <!---->
    <!---->
    <!---->
  </div>
</div>