<transition-stub name="fade" appear="false" persisted="false" css="true"></transition-stub>